=== phase reconstruct (20170714_1aer_mid)  Mon Aug  3 04:46:20 PM CDT 2026 ===
======================================================================
Reconstructing emulator inputs + applied FN from wrfout ...
  wrfout_d01_2017-07-15_09:04:00: 268,144 updraft cells
  wrfout_d01_2017-07-15_09:06:00: 264,332 updraft cells
  wrfout_d01_2017-07-15_09:08:00: 259,820 updraft cells
  wrfout_d01_2017-07-15_09:10:00: 257,219 updraft cells
  wrfout_d01_2017-07-15_09:12:00: 257,134 updraft cells
  wrfout_d01_2017-07-15_09:14:00: 256,820 updraft cells
  wrfout_d01_2017-07-15_09:16:00: 256,039 updraft cells
  wrfout_d01_2017-07-15_09:18:00: 255,481 updraft cells
  wrfout_d01_2017-07-15_09:20:00: 253,691 updraft cells
  wrfout_d01_2017-07-15_09:22:00: 252,485 updraft cells
  wrfout_d01_2017-07-15_09:24:00: 251,056 updraft cells
  wrfout_d01_2017-07-15_09:26:00: 250,705 updraft cells
  wrfout_d01_2017-07-15_09:28:00: 250,450 updraft cells
  wrfout_d01_2017-07-15_09:30:00: 251,538 updraft cells
  wrfout_d01_2017-07-15_09:32:00: 252,316 updraft cells
  wrfout_d01_2017-07-15_09:34:00: 253,220 updraft cells
  wrfout_d01_2017-07-15_09:36:00: 252,736 updraft cells
  wrfout_d01_2017-07-15_09:38:00: 252,988 updraft cells
  wrfout_d01_2017-07-15_09:40:00: 253,704 updraft cells
  wrfout_d01_2017-07-15_09:42:00: 253,869 updraft cells
  wrfout_d01_2017-07-15_09:44:00: 254,517 updraft cells
  wrfout_d01_2017-07-15_09:46:00: 254,125 updraft cells
  wrfout_d01_2017-07-15_09:48:00: 251,880 updraft cells
  wrfout_d01_2017-07-15_09:50:00: 250,712 updraft cells
  wrfout_d01_2017-07-15_09:52:00: 249,403 updraft cells
  wrfout_d01_2017-07-15_09:54:00: 249,185 updraft cells
  wrfout_d01_2017-07-15_09:56:00: 249,565 updraft cells
  wrfout_d01_2017-07-15_09:58:00: 248,840 updraft cells
  wrfout_d01_2017-07-15_10:00:00: 248,844 updraft cells
  wrfout_d01_2017-07-15_10:02:00: 250,276 updraft cells
  wrfout_d01_2017-07-15_10:04:00: 250,200 updraft cells
  wrfout_d01_2017-07-15_10:06:00: 249,444 updraft cells
  wrfout_d01_2017-07-15_10:08:00: 248,280 updraft cells
  wrfout_d01_2017-07-15_10:10:00: 247,556 updraft cells
  wrfout_d01_2017-07-15_10:12:00: 248,424 updraft cells
  wrfout_d01_2017-07-15_10:14:00: 249,253 updraft cells
  wrfout_d01_2017-07-15_10:16:00: 248,745 updraft cells
  wrfout_d01_2017-07-15_10:18:00: 248,351 updraft cells
  wrfout_d01_2017-07-15_10:20:00: 247,866 updraft cells
  wrfout_d01_2017-07-15_10:22:00: 247,860 updraft cells
  wrfout_d01_2017-07-15_10:24:00: 248,994 updraft cells
  wrfout_d01_2017-07-15_10:26:00: 249,878 updraft cells
  wrfout_d01_2017-07-15_10:28:00: 249,836 updraft cells
Subsampled to 1,500,000 cells (--max_cells)
Total updraft cells: 1,500,000
Wrote inputs -> /scratch/07088/tg863871/Perlm_Backup/WRF_stam3_ml_mixout_bce_lr1e-4_cosine_more_fix/test/20170714_1aer_mid/online/parcel_inputs.npz  (N=1,500,000)
=== phase parcel (1 node, deadline=12000s)  Mon Aug  3 04:51:19 PM CDT 2026 ===
[shard 0/1] 1,500,000 of 1,500,000 selected (1,500,000 total) cells on 48 workers (48 cores), deadline=12000s
  parcel 2,500/1,500,000 (  0%)     2.5 samp/s  eta 10006.6 min
  parcel 5,000/1,500,000 (  0%)     2.5 samp/s  eta 9935.5 min
  parcel 7,500/1,500,000 (  0%)     2.5 samp/s  eta 9906.1 min
  parcel 10,000/1,500,000 (  0%)     2.5 samp/s  eta 9851.5 min
  parcel 12,500/1,500,000 (  0%)     2.5 samp/s  eta 9756.7 min
  parcel 15,000/1,500,000 (  1%)     2.5 samp/s  eta 9720.0 min
  parcel 17,500/1,500,000 (  1%)     2.5 samp/s  eta 9775.4 min
  parcel 20,000/1,500,000 (  1%)     2.5 samp/s  eta 9739.2 min
  parcel 22,500/1,500,000 (  1%)     2.5 samp/s  eta 9723.7 min
  parcel 25,000/1,500,000 (  1%)     2.5 samp/s  eta 9702.0 min
  parcel 27,500/1,500,000 (  1%)     2.5 samp/s  eta 9672.6 min
  parcel 30,000/1,500,000 (  2%)     2.5 samp/s  eta 9659.6 min
  deadline 12000s reached after 30,430/1,500,000 cells -- stopping, keeping completed solves
Parcel model stopped at deadline (12000s, 30,430 cells solved)
[shard 0] wrote parcel_shard_0.npz
=== phase merge  Mon Aug  3 08:11:21 PM CDT 2026 ===
Merged 1 shards -> 30,430 solved cells (N=1,500,000)
Pool cells: 1,500,000   attempted: 30,430 (2.0% of pool)   clean solves: 26,063 (85.6% of attempted)

===== parcel vs wrfout emulator  (N=26,063) =====
  [Aitken]  N=26,063
     fn_parcel : mean=0.0206  median=0.0001  >0.99=0.000  <0.01=0.906
     fn_wrf(ML): mean=0.0066  median=0.0000  >0.99=0.000  <0.01=0.959
     ML-parcel : mean diff=-0.0139  MAE=0.0152  RMSE=0.0798  corr=+0.432
     fraction parcel<0.5 but ML>0.99 (emulator over-activates): 0.000
  [Accum]  N=26,063
     fn_parcel : mean=0.2414  median=0.1729  >0.99=0.001  <0.01=0.017
     fn_wrf(ML): mean=0.1223  median=0.0026  >0.99=0.000  <0.01=0.505
     ML-parcel : mean diff=-0.1191  MAE=0.1201  RMSE=0.2412  corr=+0.522
     fraction parcel<0.5 but ML>0.99 (emulator over-activates): 0.000

Wrote scatter -> /scratch/07088/tg863871/Perlm_Backup/WRF_stam3_ml_mixout_bce_lr1e-4_cosine_more_fix/test/20170714_1aer_mid/online/parcel_vs_wrfout_20170714_1aer_mid_scatter.png
Wrote scatter -> /scratch/07088/tg863871/Perlm_Backup/WRF_stam3_ml_mixout_bce_lr1e-4_cosine_more_fix/test/20170714_1aer_mid/online/parcel_vs_wrfout_20170714_1aer_mid_scatter.eps
Wrote histogram -> /scratch/07088/tg863871/Perlm_Backup/WRF_stam3_ml_mixout_bce_lr1e-4_cosine_more_fix/test/20170714_1aer_mid/online/parcel_vs_wrfout_20170714_1aer_mid_hist.png
Wrote histogram -> /scratch/07088/tg863871/Perlm_Backup/WRF_stam3_ml_mixout_bce_lr1e-4_cosine_more_fix/test/20170714_1aer_mid/online/parcel_vs_wrfout_20170714_1aer_mid_hist.eps

======================================================================
fn_parcel = ground-truth Fortran box model on the WRF states;
fn_wrf    = ML emulator fraction WRF actually applied (FN11/FN21).
Large ML>0.99 while parcel<0.5 => the deployed emulator over-activates
on the real WRF distribution (the online saturation).
======================================================================
=== done  Mon Aug  3 08:11:26 PM CDT 2026 ===
